../Core/Src/main.c:42:6:sendCommandToSB	16	static
../Core/Src/main.c:47:6:moveCar	56	static
../Core/Src/main.c:58:6:handleUserRequest	16	static
../Core/Src/main.c:62:6:handleCall	40	static
../Core/Src/main.c:88:6:HAL_TIM_PeriodElapsedCallback	24	static
../Core/Src/main.c:118:6:updateLED	88	static
../Core/Src/main.c:148:5:main	16	static
../Core/Src/main.c:179:6:SystemClock_Config	88	static
../Core/Src/main.c:225:6:MX_TIM2_Init	32	static
../Core/Src/main.c:270:6:MX_USART1_UART_Init	8	static
../Core/Src/main.c:303:6:MX_GPIO_Init	40	static
../Core/Src/main.c:363:6:Error_Handler	4	static,ignoring_inline_asm
